// Jest Snapshot v1, https://goo.gl/fbAQLP

exports[`Button should renders correctly 1`] = `
ShallowWrapper {
  Symbol(enzyme.__root__): [Circular],
  Symbol(enzyme.__unrendered__): <Button
    className="mock-button"
    color=""
    disabled={false}
    onClick={[Function]}
    outline="solid"
  >
    Button
  </Button>,
  Symbol(enzyme.__renderer__): Object {
    "batchedUpdates": [Function],
    "getNode": [Function],
    "render": [Function],
    "simulateError": [Function],
    "simulateEvent": [Function],
    "unmount": [Function],
  },
  Symbol(enzyme.__node__): Object {
    "instance": null,
    "key": undefined,
    "nodeType": "class",
    "props": Object {
      "block": false,
      "children": "Button",
      "className": "ljit-btn ljit-button--solid mock-button",
      "disabled": false,
      "ghost": false,
      "htmlType": "button",
      "icon": undefined,
      "loading": false,
      "onClick": [Function],
      "style": undefined,
    },
    "ref": null,
    "rendered": "Button",
    "type": [Function],
  },
  Symbol(enzyme.__nodes__): Array [
    Object {
      "instance": null,
      "key": undefined,
      "nodeType": "class",
      "props": Object {
        "block": false,
        "children": "Button",
        "className": "ljit-btn ljit-button--solid mock-button",
        "disabled": false,
        "ghost": false,
        "htmlType": "button",
        "icon": undefined,
        "loading": false,
        "onClick": [Function],
        "style": undefined,
      },
      "ref": null,
      "rendered": "Button",
      "type": [Function],
    },
  ],
  Symbol(enzyme.__options__): Object {
    "adapter": ReactSixteenAdapter {
      "options": Object {
        "enableComponentDidUpdateOnSetState": true,
        "lifecycles": Object {
          "componentDidUpdate": Object {
            "onSetState": true,
          },
          "getDerivedStateFromProps": true,
          "getSnapshotBeforeUpdate": true,
          "setState": Object {
            "skipsComponentDidUpdateOnNullish": true,
          },
        },
      },
    },
  },
}
`;
