// Jest Snapshot v1, https://goo.gl/fbAQLP

exports[`CheckSelector should renders correctly 1`] = `
ShallowWrapper {
  Symbol(enzyme.__root__): [Circular],
  Symbol(enzyme.__unrendered__): <CheckSelector
    activeIds={Array []}
    backgroundColor="gray"
    checkedIds={Array []}
    onChange={[Function]}
    selectedIds={Array []}
    source={
      Array [
        Object {
          "id": 1,
          "name": "name 1",
        },
      ]
    }
  />,
  Symbol(enzyme.__renderer__): Object {
    "batchedUpdates": [Function],
    "getNode": [Function],
    "render": [Function],
    "simulateError": [Function],
    "simulateEvent": [Function],
    "unmount": [Function],
  },
  Symbol(enzyme.__node__): Object {
    "instance": null,
    "key": undefined,
    "nodeType": "host",
    "props": Object {
      "children": <ul
        className="ljit-check-selector--gray"
      >
        <li
          className=""
          onClick={[Function]}
        >
          name 1
        </li>
      </ul>,
      "className": "ljit-check-selector",
    },
    "ref": null,
    "rendered": Object {
      "instance": null,
      "key": undefined,
      "nodeType": "host",
      "props": Object {
        "children": Array [
          <li
            className=""
            onClick={[Function]}
          >
            name 1
          </li>,
        ],
        "className": "ljit-check-selector--gray",
      },
      "ref": null,
      "rendered": Array [
        Object {
          "instance": null,
          "key": "1",
          "nodeType": "host",
          "props": Object {
            "children": "name 1",
            "className": "",
            "onClick": [Function],
          },
          "ref": null,
          "rendered": "name 1",
          "type": "li",
        },
      ],
      "type": "ul",
    },
    "type": "div",
  },
  Symbol(enzyme.__nodes__): Array [
    Object {
      "instance": null,
      "key": undefined,
      "nodeType": "host",
      "props": Object {
        "children": <ul
          className="ljit-check-selector--gray"
        >
          <li
            className=""
            onClick={[Function]}
          >
            name 1
          </li>
        </ul>,
        "className": "ljit-check-selector",
      },
      "ref": null,
      "rendered": Object {
        "instance": null,
        "key": undefined,
        "nodeType": "host",
        "props": Object {
          "children": Array [
            <li
              className=""
              onClick={[Function]}
            >
              name 1
            </li>,
          ],
          "className": "ljit-check-selector--gray",
        },
        "ref": null,
        "rendered": Array [
          Object {
            "instance": null,
            "key": "1",
            "nodeType": "host",
            "props": Object {
              "children": "name 1",
              "className": "",
              "onClick": [Function],
            },
            "ref": null,
            "rendered": "name 1",
            "type": "li",
          },
        ],
        "type": "ul",
      },
      "type": "div",
    },
  ],
  Symbol(enzyme.__options__): Object {
    "adapter": ReactSixteenAdapter {
      "options": Object {
        "enableComponentDidUpdateOnSetState": true,
        "lifecycles": Object {
          "componentDidUpdate": Object {
            "onSetState": true,
          },
          "getDerivedStateFromProps": true,
          "getSnapshotBeforeUpdate": true,
          "setState": Object {
            "skipsComponentDidUpdateOnNullish": true,
          },
        },
      },
    },
  },
}
`;
