// Jest Snapshot v1, https://goo.gl/fbAQLP

exports[`CheckBox Group should renders correctly 1`] = `
ShallowWrapper {
  Symbol(enzyme.__root__): [Circular],
  Symbol(enzyme.__unrendered__): <CheckBoxGroup
    className=""
    disabled={false}
    onChange={[Function]}
    options={
      Array [
        Object {
          "label": "option 1",
          "value": "option 1",
        },
      ]
    }
    value={
      Array [
        "option 1",
      ]
    }
  />,
  Symbol(enzyme.__renderer__): Object {
    "batchedUpdates": [Function],
    "getNode": [Function],
    "render": [Function],
    "simulateError": [Function],
    "simulateEvent": [Function],
    "unmount": [Function],
  },
  Symbol(enzyme.__node__): Object {
    "instance": null,
    "key": undefined,
    "nodeType": "class",
    "props": Object {
      "children": Array [
        <Checkbox
          className="ljit-checkbox-group__option"
          indeterminate={false}
          value="option 1"
        >
          option 1
        </Checkbox>,
      ],
      "className": "ljit-checkbox-group",
      "defaultValue": undefined,
      "disabled": false,
      "name": undefined,
      "onChange": [Function],
      "options": Array [],
      "value": Array [
        "option 1",
      ],
    },
    "ref": null,
    "rendered": Array [
      Object {
        "instance": null,
        "key": "option 1",
        "nodeType": "class",
        "props": Object {
          "autoFocus": undefined,
          "checked": undefined,
          "children": "option 1",
          "className": "ljit-checkbox-group__option",
          "disabled": undefined,
          "indeterminate": false,
          "name": undefined,
          "value": "option 1",
        },
        "ref": null,
        "rendered": "option 1",
        "type": [Function],
      },
    ],
    "type": [Function],
  },
  Symbol(enzyme.__nodes__): Array [
    Object {
      "instance": null,
      "key": undefined,
      "nodeType": "class",
      "props": Object {
        "children": Array [
          <Checkbox
            className="ljit-checkbox-group__option"
            indeterminate={false}
            value="option 1"
          >
            option 1
          </Checkbox>,
        ],
        "className": "ljit-checkbox-group",
        "defaultValue": undefined,
        "disabled": false,
        "name": undefined,
        "onChange": [Function],
        "options": Array [],
        "value": Array [
          "option 1",
        ],
      },
      "ref": null,
      "rendered": Array [
        Object {
          "instance": null,
          "key": "option 1",
          "nodeType": "class",
          "props": Object {
            "autoFocus": undefined,
            "checked": undefined,
            "children": "option 1",
            "className": "ljit-checkbox-group__option",
            "disabled": undefined,
            "indeterminate": false,
            "name": undefined,
            "value": "option 1",
          },
          "ref": null,
          "rendered": "option 1",
          "type": [Function],
        },
      ],
      "type": [Function],
    },
  ],
  Symbol(enzyme.__options__): Object {
    "adapter": ReactSixteenAdapter {
      "options": Object {
        "enableComponentDidUpdateOnSetState": true,
        "lifecycles": Object {
          "componentDidUpdate": Object {
            "onSetState": true,
          },
          "getDerivedStateFromProps": true,
          "getSnapshotBeforeUpdate": true,
          "setState": Object {
            "skipsComponentDidUpdateOnNullish": true,
          },
        },
      },
    },
  },
}
`;
