// Jest Snapshot v1, https://goo.gl/fbAQLP

exports[`CheckBox should renders correctly 1`] = `
ShallowWrapper {
  Symbol(enzyme.__root__): [Circular],
  Symbol(enzyme.__unrendered__): <CheckBox
    autoFocus={false}
    className=""
    disabled={false}
    onBlur={[Function]}
    onChange={[Function]}
    onFocus={[Function]}
    value={true}
  >
    checkbox 1 content
  </CheckBox>,
  Symbol(enzyme.__renderer__): Object {
    "batchedUpdates": [Function],
    "getNode": [Function],
    "render": [Function],
    "simulateError": [Function],
    "simulateEvent": [Function],
    "unmount": [Function],
  },
  Symbol(enzyme.__node__): Object {
    "instance": null,
    "key": undefined,
    "nodeType": "class",
    "props": Object {
      "autoFocus": false,
      "checked": true,
      "children": "checkbox 1 content",
      "className": "ljit-checkbox",
      "disabled": false,
      "indeterminate": false,
      "name": undefined,
      "onBlur": [Function],
      "onChange": [Function],
      "onFocus": [Function],
    },
    "ref": null,
    "rendered": "checkbox 1 content",
    "type": [Function],
  },
  Symbol(enzyme.__nodes__): Array [
    Object {
      "instance": null,
      "key": undefined,
      "nodeType": "class",
      "props": Object {
        "autoFocus": false,
        "checked": true,
        "children": "checkbox 1 content",
        "className": "ljit-checkbox",
        "disabled": false,
        "indeterminate": false,
        "name": undefined,
        "onBlur": [Function],
        "onChange": [Function],
        "onFocus": [Function],
      },
      "ref": null,
      "rendered": "checkbox 1 content",
      "type": [Function],
    },
  ],
  Symbol(enzyme.__options__): Object {
    "adapter": ReactSixteenAdapter {
      "options": Object {
        "enableComponentDidUpdateOnSetState": true,
        "lifecycles": Object {
          "componentDidUpdate": Object {
            "onSetState": true,
          },
          "getDerivedStateFromProps": true,
          "getSnapshotBeforeUpdate": true,
          "setState": Object {
            "skipsComponentDidUpdateOnNullish": true,
          },
        },
      },
    },
  },
}
`;
