// Jest Snapshot v1, https://goo.gl/fbAQLP

exports[`CodeBall Animal should render correctly 1`] = `
ShallowWrapper {
  Symbol(enzyme.__root__): [Circular],
  Symbol(enzyme.__unrendered__): <Animal
    size={25}
    text="0"
  />,
  Symbol(enzyme.__renderer__): Object {
    "batchedUpdates": [Function],
    "getNode": [Function],
    "render": [Function],
    "simulateError": [Function],
    "simulateEvent": [Function],
    "unmount": [Function],
  },
  Symbol(enzyme.__node__): Object {
    "instance": null,
    "key": undefined,
    "nodeType": "host",
    "props": Object {
      "children": <div
        style={
          Object {
            "fontSize": "20px",
            "height": "25px",
            "width": "25px",
          }
        }
      >
        üê≠
      </div>,
      "className": "ljit-code-ball ljit-code-ball--animal",
    },
    "ref": null,
    "rendered": Object {
      "instance": null,
      "key": undefined,
      "nodeType": "host",
      "props": Object {
        "children": "üê≠",
        "style": Object {
          "fontSize": "20px",
          "height": "25px",
          "width": "25px",
        },
      },
      "ref": null,
      "rendered": "üê≠",
      "type": "div",
    },
    "type": "div",
  },
  Symbol(enzyme.__nodes__): Array [
    Object {
      "instance": null,
      "key": undefined,
      "nodeType": "host",
      "props": Object {
        "children": <div
          style={
            Object {
              "fontSize": "20px",
              "height": "25px",
              "width": "25px",
            }
          }
        >
          üê≠
        </div>,
        "className": "ljit-code-ball ljit-code-ball--animal",
      },
      "ref": null,
      "rendered": Object {
        "instance": null,
        "key": undefined,
        "nodeType": "host",
        "props": Object {
          "children": "üê≠",
          "style": Object {
            "fontSize": "20px",
            "height": "25px",
            "width": "25px",
          },
        },
        "ref": null,
        "rendered": "üê≠",
        "type": "div",
      },
      "type": "div",
    },
  ],
  Symbol(enzyme.__options__): Object {
    "adapter": ReactSixteenAdapter {
      "options": Object {
        "enableComponentDidUpdateOnSetState": true,
        "lifecycles": Object {
          "componentDidUpdate": Object {
            "onSetState": true,
          },
          "getDerivedStateFromProps": true,
          "getSnapshotBeforeUpdate": true,
          "setState": Object {
            "skipsComponentDidUpdateOnNullish": true,
          },
        },
      },
    },
  },
}
`;
