// Jest Snapshot v1, https://goo.gl/fbAQLP

exports[`DraggableTableInput should renders correctly 1`] = `
ShallowWrapper {
  Symbol(enzyme.__root__): [Circular],
  Symbol(enzyme.__unrendered__): <DraggableTableInput
    alignType="center"
    className="mock-class"
    columns={
      Array [
        Object {
          "dataIndex": "title",
          "title": "Title",
        },
        Object {
          "dataIndex": "order",
          "title": "Order",
        },
      ]
    }
    isDragColumnVisible={true}
    onChange={[Function]}
    rowKey="_id"
    tableName="orders"
    value={
      Array [
        Object {
          "_id": "0",
          "order": 1,
          "title": "title 1",
        },
        Object {
          "_id": "1",
          "order": 2,
          "title": "title 2",
        },
        Object {
          "_id": "2",
          "order": 3,
          "title": "title 3",
        },
      ]
    }
  />,
  Symbol(enzyme.__renderer__): Object {
    "batchedUpdates": [Function],
    "getNode": [Function],
    "render": [Function],
    "simulateError": [Function],
    "simulateEvent": [Function],
    "unmount": [Function],
  },
  Symbol(enzyme.__node__): Object {
    "instance": null,
    "key": undefined,
    "nodeType": "function",
    "props": Object {
      "children": <Table
        bordered={false}
        className="ljit-draggable-table-input ljit-draggable-table-input--orders ljit-draggable-table-input--align-center mock-class"
        columns={
          Array [
            Object {
              "dataIndex": "drag",
              "render": [Function],
              "width": 60,
            },
            Object {
              "dataIndex": "title",
              "title": "Title",
            },
            Object {
              "dataIndex": "order",
              "title": "Order",
            },
          ]
        }
        components={
          Object {
            "body": Object {
              "row": [Function],
              "wrapper": [Function],
            },
          }
        }
        dataSource={
          Array [
            Object {
              "_id": "0",
              "order": 1,
              "title": "title 1",
            },
            Object {
              "_id": "1",
              "order": 2,
              "title": "title 2",
            },
            Object {
              "_id": "2",
              "order": 3,
              "title": "title 3",
            },
          ]
        }
        indentSize={20}
        loading={false}
        locale={Object {}}
        onRow={[Function]}
        pagination={false}
        rowKey="_id"
        showHeader={true}
        size="default"
        sortDirections={
          Array [
            "ascend",
            "descend",
          ]
        }
        useFixedHeader={false}
      />,
      "onDragEnd": [Function],
    },
    "ref": null,
    "rendered": Object {
      "instance": null,
      "key": undefined,
      "nodeType": "class",
      "props": Object {
        "bordered": false,
        "className": "ljit-draggable-table-input ljit-draggable-table-input--orders ljit-draggable-table-input--align-center mock-class",
        "columns": Array [
          Object {
            "dataIndex": "drag",
            "render": [Function],
            "width": 60,
          },
          Object {
            "dataIndex": "title",
            "title": "Title",
          },
          Object {
            "dataIndex": "order",
            "title": "Order",
          },
        ],
        "components": Object {
          "body": Object {
            "row": [Function],
            "wrapper": [Function],
          },
        },
        "dataSource": Array [
          Object {
            "_id": "0",
            "order": 1,
            "title": "title 1",
          },
          Object {
            "_id": "1",
            "order": 2,
            "title": "title 2",
          },
          Object {
            "_id": "2",
            "order": 3,
            "title": "title 3",
          },
        ],
        "indentSize": 20,
        "loading": false,
        "locale": Object {},
        "onRow": [Function],
        "pagination": false,
        "rowKey": "_id",
        "showHeader": true,
        "size": "default",
        "sortDirections": Array [
          "ascend",
          "descend",
        ],
        "useFixedHeader": false,
      },
      "ref": null,
      "rendered": null,
      "type": [Function],
    },
    "type": [Function],
  },
  Symbol(enzyme.__nodes__): Array [
    Object {
      "instance": null,
      "key": undefined,
      "nodeType": "function",
      "props": Object {
        "children": <Table
          bordered={false}
          className="ljit-draggable-table-input ljit-draggable-table-input--orders ljit-draggable-table-input--align-center mock-class"
          columns={
            Array [
              Object {
                "dataIndex": "drag",
                "render": [Function],
                "width": 60,
              },
              Object {
                "dataIndex": "title",
                "title": "Title",
              },
              Object {
                "dataIndex": "order",
                "title": "Order",
              },
            ]
          }
          components={
            Object {
              "body": Object {
                "row": [Function],
                "wrapper": [Function],
              },
            }
          }
          dataSource={
            Array [
              Object {
                "_id": "0",
                "order": 1,
                "title": "title 1",
              },
              Object {
                "_id": "1",
                "order": 2,
                "title": "title 2",
              },
              Object {
                "_id": "2",
                "order": 3,
                "title": "title 3",
              },
            ]
          }
          indentSize={20}
          loading={false}
          locale={Object {}}
          onRow={[Function]}
          pagination={false}
          rowKey="_id"
          showHeader={true}
          size="default"
          sortDirections={
            Array [
              "ascend",
              "descend",
            ]
          }
          useFixedHeader={false}
        />,
        "onDragEnd": [Function],
      },
      "ref": null,
      "rendered": Object {
        "instance": null,
        "key": undefined,
        "nodeType": "class",
        "props": Object {
          "bordered": false,
          "className": "ljit-draggable-table-input ljit-draggable-table-input--orders ljit-draggable-table-input--align-center mock-class",
          "columns": Array [
            Object {
              "dataIndex": "drag",
              "render": [Function],
              "width": 60,
            },
            Object {
              "dataIndex": "title",
              "title": "Title",
            },
            Object {
              "dataIndex": "order",
              "title": "Order",
            },
          ],
          "components": Object {
            "body": Object {
              "row": [Function],
              "wrapper": [Function],
            },
          },
          "dataSource": Array [
            Object {
              "_id": "0",
              "order": 1,
              "title": "title 1",
            },
            Object {
              "_id": "1",
              "order": 2,
              "title": "title 2",
            },
            Object {
              "_id": "2",
              "order": 3,
              "title": "title 3",
            },
          ],
          "indentSize": 20,
          "loading": false,
          "locale": Object {},
          "onRow": [Function],
          "pagination": false,
          "rowKey": "_id",
          "showHeader": true,
          "size": "default",
          "sortDirections": Array [
            "ascend",
            "descend",
          ],
          "useFixedHeader": false,
        },
        "ref": null,
        "rendered": null,
        "type": [Function],
      },
      "type": [Function],
    },
  ],
  Symbol(enzyme.__options__): Object {
    "adapter": ReactSixteenAdapter {
      "options": Object {
        "enableComponentDidUpdateOnSetState": true,
        "lifecycles": Object {
          "componentDidUpdate": Object {
            "onSetState": true,
          },
          "getDerivedStateFromProps": true,
          "getSnapshotBeforeUpdate": true,
          "setState": Object {
            "skipsComponentDidUpdateOnNullish": true,
          },
        },
      },
    },
  },
}
`;
