// Jest Snapshot v1, https://goo.gl/fbAQLP

exports[`DrawingInfoCardCodeBallCircle should renders correctly 1`] = `
ShallowWrapper {
  Symbol(enzyme.__root__): [Circular],
  Symbol(enzyme.__unrendered__): <DrawingInfoCardCodeBallCircle
    fontSize="middle"
    size="middle"
    splitOpencodes={
      Array [
        "1",
        "2",
        "3",
        "4",
        "5",
      ]
    }
  />,
  Symbol(enzyme.__renderer__): Object {
    "batchedUpdates": [Function],
    "getNode": [Function],
    "render": [Function],
    "simulateError": [Function],
    "simulateEvent": [Function],
    "unmount": [Function],
  },
  Symbol(enzyme.__node__): Object {
    "instance": null,
    "key": undefined,
    "nodeType": "host",
    "props": Object {
      "children": Array [
        <Circle
          className="drawing-info-card-code-ball-circle__code-ball"
          fontSize="middle"
          size="middle"
          text="1"
          type="selected"
        />,
        <Circle
          className="drawing-info-card-code-ball-circle__code-ball"
          fontSize="middle"
          size="middle"
          text="2"
          type="selected"
        />,
        <Circle
          className="drawing-info-card-code-ball-circle__code-ball"
          fontSize="middle"
          size="middle"
          text="3"
          type="selected"
        />,
        <Circle
          className="drawing-info-card-code-ball-circle__code-ball"
          fontSize="middle"
          size="middle"
          text="4"
          type="selected"
        />,
        <Circle
          className="drawing-info-card-code-ball-circle__code-ball"
          fontSize="middle"
          size="middle"
          text="5"
          type="selected"
        />,
      ],
      "className": "drawing-info-card-code-ball-circle",
    },
    "ref": null,
    "rendered": Array [
      Object {
        "instance": null,
        "key": "0",
        "nodeType": "function",
        "props": Object {
          "className": "drawing-info-card-code-ball-circle__code-ball",
          "fontSize": "middle",
          "size": "middle",
          "text": "1",
          "type": "selected",
        },
        "ref": null,
        "rendered": null,
        "type": [Function],
      },
      Object {
        "instance": null,
        "key": "1",
        "nodeType": "function",
        "props": Object {
          "className": "drawing-info-card-code-ball-circle__code-ball",
          "fontSize": "middle",
          "size": "middle",
          "text": "2",
          "type": "selected",
        },
        "ref": null,
        "rendered": null,
        "type": [Function],
      },
      Object {
        "instance": null,
        "key": "2",
        "nodeType": "function",
        "props": Object {
          "className": "drawing-info-card-code-ball-circle__code-ball",
          "fontSize": "middle",
          "size": "middle",
          "text": "3",
          "type": "selected",
        },
        "ref": null,
        "rendered": null,
        "type": [Function],
      },
      Object {
        "instance": null,
        "key": "3",
        "nodeType": "function",
        "props": Object {
          "className": "drawing-info-card-code-ball-circle__code-ball",
          "fontSize": "middle",
          "size": "middle",
          "text": "4",
          "type": "selected",
        },
        "ref": null,
        "rendered": null,
        "type": [Function],
      },
      Object {
        "instance": null,
        "key": "4",
        "nodeType": "function",
        "props": Object {
          "className": "drawing-info-card-code-ball-circle__code-ball",
          "fontSize": "middle",
          "size": "middle",
          "text": "5",
          "type": "selected",
        },
        "ref": null,
        "rendered": null,
        "type": [Function],
      },
    ],
    "type": "div",
  },
  Symbol(enzyme.__nodes__): Array [
    Object {
      "instance": null,
      "key": undefined,
      "nodeType": "host",
      "props": Object {
        "children": Array [
          <Circle
            className="drawing-info-card-code-ball-circle__code-ball"
            fontSize="middle"
            size="middle"
            text="1"
            type="selected"
          />,
          <Circle
            className="drawing-info-card-code-ball-circle__code-ball"
            fontSize="middle"
            size="middle"
            text="2"
            type="selected"
          />,
          <Circle
            className="drawing-info-card-code-ball-circle__code-ball"
            fontSize="middle"
            size="middle"
            text="3"
            type="selected"
          />,
          <Circle
            className="drawing-info-card-code-ball-circle__code-ball"
            fontSize="middle"
            size="middle"
            text="4"
            type="selected"
          />,
          <Circle
            className="drawing-info-card-code-ball-circle__code-ball"
            fontSize="middle"
            size="middle"
            text="5"
            type="selected"
          />,
        ],
        "className": "drawing-info-card-code-ball-circle",
      },
      "ref": null,
      "rendered": Array [
        Object {
          "instance": null,
          "key": "0",
          "nodeType": "function",
          "props": Object {
            "className": "drawing-info-card-code-ball-circle__code-ball",
            "fontSize": "middle",
            "size": "middle",
            "text": "1",
            "type": "selected",
          },
          "ref": null,
          "rendered": null,
          "type": [Function],
        },
        Object {
          "instance": null,
          "key": "1",
          "nodeType": "function",
          "props": Object {
            "className": "drawing-info-card-code-ball-circle__code-ball",
            "fontSize": "middle",
            "size": "middle",
            "text": "2",
            "type": "selected",
          },
          "ref": null,
          "rendered": null,
          "type": [Function],
        },
        Object {
          "instance": null,
          "key": "2",
          "nodeType": "function",
          "props": Object {
            "className": "drawing-info-card-code-ball-circle__code-ball",
            "fontSize": "middle",
            "size": "middle",
            "text": "3",
            "type": "selected",
          },
          "ref": null,
          "rendered": null,
          "type": [Function],
        },
        Object {
          "instance": null,
          "key": "3",
          "nodeType": "function",
          "props": Object {
            "className": "drawing-info-card-code-ball-circle__code-ball",
            "fontSize": "middle",
            "size": "middle",
            "text": "4",
            "type": "selected",
          },
          "ref": null,
          "rendered": null,
          "type": [Function],
        },
        Object {
          "instance": null,
          "key": "4",
          "nodeType": "function",
          "props": Object {
            "className": "drawing-info-card-code-ball-circle__code-ball",
            "fontSize": "middle",
            "size": "middle",
            "text": "5",
            "type": "selected",
          },
          "ref": null,
          "rendered": null,
          "type": [Function],
        },
      ],
      "type": "div",
    },
  ],
  Symbol(enzyme.__options__): Object {
    "adapter": ReactSixteenAdapter {
      "options": Object {
        "enableComponentDidUpdateOnSetState": true,
        "lifecycles": Object {
          "componentDidUpdate": Object {
            "onSetState": true,
          },
          "getDerivedStateFromProps": true,
          "getSnapshotBeforeUpdate": true,
          "setState": Object {
            "skipsComponentDidUpdateOnNullish": true,
          },
        },
      },
    },
  },
}
`;
