// Jest Snapshot v1, https://goo.gl/fbAQLP

exports[`Dropdown should renders correctly 1`] = `
ShallowWrapper {
  Symbol(enzyme.__root__): [Circular],
  Symbol(enzyme.__unrendered__): <Dropdown
    className="mock-classname"
    dropdownContent={
      <ul>
        <li>
          item 1
        </li>
        <li>
          item 2
        </li>
      </ul>
    }
    isDisabled={false}
    isKeepMenuOpen={false}
    isShowingArrow={false}
    onVisibleChange={[Function]}
    placement="bottomCenter"
    trigger={
      Array [
        "hover",
      ]
    }
  >
    <div>
      dropdown-content
    </div>
  </Dropdown>,
  Symbol(enzyme.__renderer__): Object {
    "batchedUpdates": [Function],
    "getNode": [Function],
    "render": [Function],
    "simulateError": [Function],
    "simulateEvent": [Function],
    "unmount": [Function],
  },
  Symbol(enzyme.__node__): Object {
    "instance": null,
    "key": undefined,
    "nodeType": "class",
    "props": Object {
      "children": <div>
        dropdown-content
      </div>,
      "disabled": false,
      "mouseEnterDelay": 0.15,
      "mouseLeaveDelay": 0.1,
      "onVisibleChange": [Function],
      "overlay": <ul>
        <li>
          item 1
        </li>
        <li>
          item 2
        </li>
      </ul>,
      "overlayClassName": "ljit-dropdown mock-classname",
      "placement": "bottomCenter",
      "trigger": Array [
        "hover",
      ],
    },
    "ref": null,
    "rendered": Object {
      "instance": null,
      "key": undefined,
      "nodeType": "host",
      "props": Object {
        "children": "dropdown-content",
      },
      "ref": [Function],
      "rendered": "dropdown-content",
      "type": "div",
    },
    "type": [Function],
  },
  Symbol(enzyme.__nodes__): Array [
    Object {
      "instance": null,
      "key": undefined,
      "nodeType": "class",
      "props": Object {
        "children": <div>
          dropdown-content
        </div>,
        "disabled": false,
        "mouseEnterDelay": 0.15,
        "mouseLeaveDelay": 0.1,
        "onVisibleChange": [Function],
        "overlay": <ul>
          <li>
            item 1
          </li>
          <li>
            item 2
          </li>
        </ul>,
        "overlayClassName": "ljit-dropdown mock-classname",
        "placement": "bottomCenter",
        "trigger": Array [
          "hover",
        ],
      },
      "ref": null,
      "rendered": Object {
        "instance": null,
        "key": undefined,
        "nodeType": "host",
        "props": Object {
          "children": "dropdown-content",
        },
        "ref": [Function],
        "rendered": "dropdown-content",
        "type": "div",
      },
      "type": [Function],
    },
  ],
  Symbol(enzyme.__options__): Object {
    "adapter": ReactSixteenAdapter {
      "options": Object {
        "enableComponentDidUpdateOnSetState": true,
        "lifecycles": Object {
          "componentDidUpdate": Object {
            "onSetState": true,
          },
          "getDerivedStateFromProps": true,
          "getSnapshotBeforeUpdate": true,
          "setState": Object {
            "skipsComponentDidUpdateOnNullish": true,
          },
        },
      },
    },
  },
}
`;
