// Jest Snapshot v1, https://goo.gl/fbAQLP

exports[`IconButton should render correctly 1`] = `
ShallowWrapper {
  Symbol(enzyme.__root__): [Circular],
  Symbol(enzyme.__unrendered__): <IconButton
    className="mock-class"
    disabled={false}
    onClick={[Function]}
    size="large"
    type="left"
  />,
  Symbol(enzyme.__renderer__): Object {
    "batchedUpdates": [Function],
    "getNode": [Function],
    "render": [Function],
    "simulateError": [Function],
    "simulateEvent": [Function],
    "unmount": [Function],
  },
  Symbol(enzyme.__node__): Object {
    "instance": null,
    "key": undefined,
    "nodeType": "class",
    "props": Object {
      "children": <Icon
        color="default"
        isTranslucent={false}
        size="large"
        spin={false}
        style={Object {}}
        type="left"
      />,
      "className": "ljit-icon-button mock-class",
      "color": "",
      "disabled": false,
      "onClick": [Function],
      "outline": "solid",
      "style": undefined,
    },
    "ref": null,
    "rendered": Object {
      "instance": null,
      "key": undefined,
      "nodeType": "function",
      "props": Object {
        "color": "default",
        "isTranslucent": false,
        "size": "large",
        "spin": false,
        "style": Object {},
        "type": "left",
      },
      "ref": null,
      "rendered": null,
      "type": [Function],
    },
    "type": [Function],
  },
  Symbol(enzyme.__nodes__): Array [
    Object {
      "instance": null,
      "key": undefined,
      "nodeType": "class",
      "props": Object {
        "children": <Icon
          color="default"
          isTranslucent={false}
          size="large"
          spin={false}
          style={Object {}}
          type="left"
        />,
        "className": "ljit-icon-button mock-class",
        "color": "",
        "disabled": false,
        "onClick": [Function],
        "outline": "solid",
        "style": undefined,
      },
      "ref": null,
      "rendered": Object {
        "instance": null,
        "key": undefined,
        "nodeType": "function",
        "props": Object {
          "color": "default",
          "isTranslucent": false,
          "size": "large",
          "spin": false,
          "style": Object {},
          "type": "left",
        },
        "ref": null,
        "rendered": null,
        "type": [Function],
      },
      "type": [Function],
    },
  ],
  Symbol(enzyme.__options__): Object {
    "adapter": ReactSixteenAdapter {
      "options": Object {
        "enableComponentDidUpdateOnSetState": true,
        "lifecycles": Object {
          "componentDidUpdate": Object {
            "onSetState": true,
          },
          "getDerivedStateFromProps": true,
          "getSnapshotBeforeUpdate": true,
          "setState": Object {
            "skipsComponentDidUpdateOnNullish": true,
          },
        },
      },
    },
  },
}
`;
