// Jest Snapshot v1, https://goo.gl/fbAQLP

exports[`MobileCodeBall should renders correctly 1`] = `
ShallowWrapper {
  Symbol(enzyme.__root__): [Circular],
  Symbol(enzyme.__unrendered__): <MobileStandardBettingRowCodeBall
    codes={Array []}
    onPressCodeBall={[Function]}
    onPressQuickOption={[Function]}
    quickOptions={Array []}
    title="mock-title"
  />,
  Symbol(enzyme.__renderer__): Object {
    "batchedUpdates": [Function],
    "getNode": [Function],
    "render": [Function],
    "simulateError": [Function],
    "simulateEvent": [Function],
    "unmount": [Function],
  },
  Symbol(enzyme.__node__): Object {
    "instance": null,
    "key": undefined,
    "nodeType": "host",
    "props": Object {
      "children": Array [
        <SelectBlock
          onClick={[Function]}
          quickOptions={Array []}
          title="mock-title"
        />,
        <BetBlock
          codes={Array []}
          onClick={[Function]}
          title="mock-title"
        />,
      ],
      "className": "ljit-mobile-betting-block",
    },
    "ref": null,
    "rendered": Array [
      Object {
        "instance": null,
        "key": undefined,
        "nodeType": "function",
        "props": Object {
          "onClick": [Function],
          "quickOptions": Array [],
          "title": "mock-title",
        },
        "ref": null,
        "rendered": null,
        "type": [Function],
      },
      Object {
        "instance": null,
        "key": undefined,
        "nodeType": "function",
        "props": Object {
          "codes": Array [],
          "onClick": [Function],
          "title": "mock-title",
        },
        "ref": null,
        "rendered": null,
        "type": [Function],
      },
    ],
    "type": "div",
  },
  Symbol(enzyme.__nodes__): Array [
    Object {
      "instance": null,
      "key": undefined,
      "nodeType": "host",
      "props": Object {
        "children": Array [
          <SelectBlock
            onClick={[Function]}
            quickOptions={Array []}
            title="mock-title"
          />,
          <BetBlock
            codes={Array []}
            onClick={[Function]}
            title="mock-title"
          />,
        ],
        "className": "ljit-mobile-betting-block",
      },
      "ref": null,
      "rendered": Array [
        Object {
          "instance": null,
          "key": undefined,
          "nodeType": "function",
          "props": Object {
            "onClick": [Function],
            "quickOptions": Array [],
            "title": "mock-title",
          },
          "ref": null,
          "rendered": null,
          "type": [Function],
        },
        Object {
          "instance": null,
          "key": undefined,
          "nodeType": "function",
          "props": Object {
            "codes": Array [],
            "onClick": [Function],
            "title": "mock-title",
          },
          "ref": null,
          "rendered": null,
          "type": [Function],
        },
      ],
      "type": "div",
    },
  ],
  Symbol(enzyme.__options__): Object {
    "adapter": ReactSixteenAdapter {
      "options": Object {
        "enableComponentDidUpdateOnSetState": true,
        "lifecycles": Object {
          "componentDidUpdate": Object {
            "onSetState": true,
          },
          "getDerivedStateFromProps": true,
          "getSnapshotBeforeUpdate": true,
          "setState": Object {
            "skipsComponentDidUpdateOnNullish": true,
          },
        },
      },
    },
  },
}
`;
