// Jest Snapshot v1, https://goo.gl/fbAQLP

exports[`Tag should render correctly 1`] = `
ShallowWrapper {
  Symbol(enzyme.__root__): [Circular],
  Symbol(enzyme.__unrendered__): <Tag
    color="warmOrange900"
    hasBorder={false}
    isClosable={false}
    onClose={[Function]}
    shape="circle"
    text="mock-text"
  />,
  Symbol(enzyme.__renderer__): Object {
    "batchedUpdates": [Function],
    "getNode": [Function],
    "render": [Function],
    "simulateError": [Function],
    "simulateEvent": [Function],
    "unmount": [Function],
  },
  Symbol(enzyme.__node__): Object {
    "instance": null,
    "key": undefined,
    "nodeType": "class",
    "props": Object {
      "children": <span
        className="ljit-tag__text"
      >
        mock-text
      </span>,
      "className": "ljit-tag ljit-tag-color--warmOrange900 ljit-tag-shape--circle",
      "closable": false,
      "onClose": [Function],
    },
    "ref": null,
    "rendered": Object {
      "instance": null,
      "key": undefined,
      "nodeType": "host",
      "props": Object {
        "children": "mock-text",
        "className": "ljit-tag__text",
      },
      "ref": null,
      "rendered": "mock-text",
      "type": "span",
    },
    "type": [Function],
  },
  Symbol(enzyme.__nodes__): Array [
    Object {
      "instance": null,
      "key": undefined,
      "nodeType": "class",
      "props": Object {
        "children": <span
          className="ljit-tag__text"
        >
          mock-text
        </span>,
        "className": "ljit-tag ljit-tag-color--warmOrange900 ljit-tag-shape--circle",
        "closable": false,
        "onClose": [Function],
      },
      "ref": null,
      "rendered": Object {
        "instance": null,
        "key": undefined,
        "nodeType": "host",
        "props": Object {
          "children": "mock-text",
          "className": "ljit-tag__text",
        },
        "ref": null,
        "rendered": "mock-text",
        "type": "span",
      },
      "type": [Function],
    },
  ],
  Symbol(enzyme.__options__): Object {
    "adapter": ReactSixteenAdapter {
      "options": Object {
        "enableComponentDidUpdateOnSetState": true,
        "lifecycles": Object {
          "componentDidUpdate": Object {
            "onSetState": true,
          },
          "getDerivedStateFromProps": true,
          "getSnapshotBeforeUpdate": true,
          "setState": Object {
            "skipsComponentDidUpdateOnNullish": true,
          },
        },
      },
    },
  },
}
`;
