// Jest Snapshot v1, https://goo.gl/fbAQLP

exports[`TextButton should renders correctly 1`] = `
ShallowWrapper {
  Symbol(enzyme.__root__): [Circular],
  Symbol(enzyme.__unrendered__): <TextButton
    className="mock-button"
    color="default"
    disabled={false}
    fontSize="medium"
    fontWeight="normal"
    onClick={[Function]}
    text="mock-text"
  />,
  Symbol(enzyme.__renderer__): Object {
    "batchedUpdates": [Function],
    "getNode": [Function],
    "render": [Function],
    "simulateError": [Function],
    "simulateEvent": [Function],
    "unmount": [Function],
  },
  Symbol(enzyme.__node__): Object {
    "instance": null,
    "key": undefined,
    "nodeType": "host",
    "props": Object {
      "children": "mock-text",
      "className": "ljit-text-button ljit-text-button--default ljit-text-button--text-medium ljit-text-button--weight-normal mock-button",
      "disabled": false,
      "onClick": [Function],
      "type": "button",
    },
    "ref": null,
    "rendered": "mock-text",
    "type": "button",
  },
  Symbol(enzyme.__nodes__): Array [
    Object {
      "instance": null,
      "key": undefined,
      "nodeType": "host",
      "props": Object {
        "children": "mock-text",
        "className": "ljit-text-button ljit-text-button--default ljit-text-button--text-medium ljit-text-button--weight-normal mock-button",
        "disabled": false,
        "onClick": [Function],
        "type": "button",
      },
      "ref": null,
      "rendered": "mock-text",
      "type": "button",
    },
  ],
  Symbol(enzyme.__options__): Object {
    "adapter": ReactSixteenAdapter {
      "options": Object {
        "enableComponentDidUpdateOnSetState": true,
        "lifecycles": Object {
          "componentDidUpdate": Object {
            "onSetState": true,
          },
          "getDerivedStateFromProps": true,
          "getSnapshotBeforeUpdate": true,
          "setState": Object {
            "skipsComponentDidUpdateOnNullish": true,
          },
        },
      },
    },
  },
}
`;
