// Jest Snapshot v1, https://goo.gl/fbAQLP

exports[`UserAvatar should render correctly 1`] = `
ShallowWrapper {
  Symbol(enzyme.__root__): [Circular],
  Symbol(enzyme.__unrendered__): <UserAvatar
    alignment="left"
    description="mock-description"
    onError={[Function]}
    size={56}
    text="user"
    userName="mock-username"
  />,
  Symbol(enzyme.__renderer__): Object {
    "batchedUpdates": [Function],
    "getNode": [Function],
    "render": [Function],
    "simulateError": [Function],
    "simulateEvent": [Function],
    "unmount": [Function],
  },
  Symbol(enzyme.__node__): Object {
    "instance": null,
    "key": undefined,
    "nodeType": "host",
    "props": Object {
      "children": Array [
        <div
          className="ljit-user-avatar__avatar"
        >
          <Avatar
            onError={[Function]}
            size={56}
            text="user"
          />
        </div>,
        <div
          className="ljit-user-avatar__content"
        >
          <div
            className="ljit-user-avatar__username"
          >
            mock-username
          </div>
          <div
            className="ljit-user-avatar__description"
          >
            mock-description
          </div>
        </div>,
      ],
      "className": "ljit-user-avatar ljit-user-avatar--left",
      "style": undefined,
    },
    "ref": null,
    "rendered": Array [
      Object {
        "instance": null,
        "key": undefined,
        "nodeType": "host",
        "props": Object {
          "children": <Avatar
            onError={[Function]}
            size={56}
            text="user"
          />,
          "className": "ljit-user-avatar__avatar",
        },
        "ref": null,
        "rendered": Object {
          "instance": null,
          "key": undefined,
          "nodeType": "class",
          "props": Object {
            "alt": undefined,
            "onError": [Function],
            "size": 56,
            "src": undefined,
            "text": "user",
          },
          "ref": null,
          "rendered": null,
          "type": [Function],
        },
        "type": "div",
      },
      Object {
        "instance": null,
        "key": undefined,
        "nodeType": "host",
        "props": Object {
          "children": Array [
            <div
              className="ljit-user-avatar__username"
            >
              mock-username
            </div>,
            <div
              className="ljit-user-avatar__description"
            >
              mock-description
            </div>,
          ],
          "className": "ljit-user-avatar__content",
        },
        "ref": null,
        "rendered": Array [
          Object {
            "instance": null,
            "key": undefined,
            "nodeType": "host",
            "props": Object {
              "children": "mock-username",
              "className": "ljit-user-avatar__username",
            },
            "ref": null,
            "rendered": "mock-username",
            "type": "div",
          },
          Object {
            "instance": null,
            "key": undefined,
            "nodeType": "host",
            "props": Object {
              "children": "mock-description",
              "className": "ljit-user-avatar__description",
            },
            "ref": null,
            "rendered": "mock-description",
            "type": "div",
          },
        ],
        "type": "div",
      },
    ],
    "type": "div",
  },
  Symbol(enzyme.__nodes__): Array [
    Object {
      "instance": null,
      "key": undefined,
      "nodeType": "host",
      "props": Object {
        "children": Array [
          <div
            className="ljit-user-avatar__avatar"
          >
            <Avatar
              onError={[Function]}
              size={56}
              text="user"
            />
          </div>,
          <div
            className="ljit-user-avatar__content"
          >
            <div
              className="ljit-user-avatar__username"
            >
              mock-username
            </div>
            <div
              className="ljit-user-avatar__description"
            >
              mock-description
            </div>
          </div>,
        ],
        "className": "ljit-user-avatar ljit-user-avatar--left",
        "style": undefined,
      },
      "ref": null,
      "rendered": Array [
        Object {
          "instance": null,
          "key": undefined,
          "nodeType": "host",
          "props": Object {
            "children": <Avatar
              onError={[Function]}
              size={56}
              text="user"
            />,
            "className": "ljit-user-avatar__avatar",
          },
          "ref": null,
          "rendered": Object {
            "instance": null,
            "key": undefined,
            "nodeType": "class",
            "props": Object {
              "alt": undefined,
              "onError": [Function],
              "size": 56,
              "src": undefined,
              "text": "user",
            },
            "ref": null,
            "rendered": null,
            "type": [Function],
          },
          "type": "div",
        },
        Object {
          "instance": null,
          "key": undefined,
          "nodeType": "host",
          "props": Object {
            "children": Array [
              <div
                className="ljit-user-avatar__username"
              >
                mock-username
              </div>,
              <div
                className="ljit-user-avatar__description"
              >
                mock-description
              </div>,
            ],
            "className": "ljit-user-avatar__content",
          },
          "ref": null,
          "rendered": Array [
            Object {
              "instance": null,
              "key": undefined,
              "nodeType": "host",
              "props": Object {
                "children": "mock-username",
                "className": "ljit-user-avatar__username",
              },
              "ref": null,
              "rendered": "mock-username",
              "type": "div",
            },
            Object {
              "instance": null,
              "key": undefined,
              "nodeType": "host",
              "props": Object {
                "children": "mock-description",
                "className": "ljit-user-avatar__description",
              },
              "ref": null,
              "rendered": "mock-description",
              "type": "div",
            },
          ],
          "type": "div",
        },
      ],
      "type": "div",
    },
  ],
  Symbol(enzyme.__options__): Object {
    "adapter": ReactSixteenAdapter {
      "options": Object {
        "enableComponentDidUpdateOnSetState": true,
        "lifecycles": Object {
          "componentDidUpdate": Object {
            "onSetState": true,
          },
          "getDerivedStateFromProps": true,
          "getSnapshotBeforeUpdate": true,
          "setState": Object {
            "skipsComponentDidUpdateOnNullish": true,
          },
        },
      },
    },
  },
}
`;
