// Jest Snapshot v1, https://goo.gl/fbAQLP

exports[`UserBreadcrumb should render correctly 1`] = `
ShallowWrapper {
  Symbol(enzyme.__root__): [Circular],
  Symbol(enzyme.__unrendered__): <UserBreadcrumb
    className="mock-className"
    data={
      Array [
        "mock-data",
      ]
    }
    isShowingCurrentCount={true}
    omitText="......"
    onClickUser={[Function]}
    separator=">"
    targetKey=""
  />,
  Symbol(enzyme.__renderer__): Object {
    "batchedUpdates": [Function],
    "getNode": [Function],
    "render": [Function],
    "simulateError": [Function],
    "simulateEvent": [Function],
    "unmount": [Function],
  },
  Symbol(enzyme.__node__): Object {
    "instance": null,
    "key": undefined,
    "nodeType": "host",
    "props": Object {
      "children": Array [
        <React.Fragment>
          <span
            className="ljit-user-breadcrumb__crumb"
          >
            mock-data
          </span>
          <span
            className="ljit-user-breadcrumb__current-count"
          >
            (第1层)
          </span>
        </React.Fragment>,
      ],
      "className": "ljit-user-breadcrumb mock-className",
    },
    "ref": null,
    "rendered": Array [
      Object {
        "instance": null,
        "key": "crumb-0",
        "nodeType": "function",
        "props": Object {
          "children": Array [
            <span
              className="ljit-user-breadcrumb__crumb"
            >
              mock-data
            </span>,
            <span
              className="ljit-user-breadcrumb__current-count"
            >
              (第1层)
            </span>,
          ],
        },
        "ref": null,
        "rendered": Array [
          Object {
            "instance": null,
            "key": undefined,
            "nodeType": "host",
            "props": Object {
              "children": "mock-data",
              "className": "ljit-user-breadcrumb__crumb",
            },
            "ref": null,
            "rendered": "mock-data",
            "type": "span",
          },
          Object {
            "instance": null,
            "key": undefined,
            "nodeType": "host",
            "props": Object {
              "children": "(第1层)",
              "className": "ljit-user-breadcrumb__current-count",
            },
            "ref": null,
            "rendered": "(第1层)",
            "type": "span",
          },
        ],
        "type": Symbol(react.fragment),
      },
    ],
    "type": "div",
  },
  Symbol(enzyme.__nodes__): Array [
    Object {
      "instance": null,
      "key": undefined,
      "nodeType": "host",
      "props": Object {
        "children": Array [
          <React.Fragment>
            <span
              className="ljit-user-breadcrumb__crumb"
            >
              mock-data
            </span>
            <span
              className="ljit-user-breadcrumb__current-count"
            >
              (第1层)
            </span>
          </React.Fragment>,
        ],
        "className": "ljit-user-breadcrumb mock-className",
      },
      "ref": null,
      "rendered": Array [
        Object {
          "instance": null,
          "key": "crumb-0",
          "nodeType": "function",
          "props": Object {
            "children": Array [
              <span
                className="ljit-user-breadcrumb__crumb"
              >
                mock-data
              </span>,
              <span
                className="ljit-user-breadcrumb__current-count"
              >
                (第1层)
              </span>,
            ],
          },
          "ref": null,
          "rendered": Array [
            Object {
              "instance": null,
              "key": undefined,
              "nodeType": "host",
              "props": Object {
                "children": "mock-data",
                "className": "ljit-user-breadcrumb__crumb",
              },
              "ref": null,
              "rendered": "mock-data",
              "type": "span",
            },
            Object {
              "instance": null,
              "key": undefined,
              "nodeType": "host",
              "props": Object {
                "children": "(第1层)",
                "className": "ljit-user-breadcrumb__current-count",
              },
              "ref": null,
              "rendered": "(第1层)",
              "type": "span",
            },
          ],
          "type": Symbol(react.fragment),
        },
      ],
      "type": "div",
    },
  ],
  Symbol(enzyme.__options__): Object {
    "adapter": ReactSixteenAdapter {
      "options": Object {
        "enableComponentDidUpdateOnSetState": true,
        "lifecycles": Object {
          "componentDidUpdate": Object {
            "onSetState": true,
          },
          "getDerivedStateFromProps": true,
          "getSnapshotBeforeUpdate": true,
          "setState": Object {
            "skipsComponentDidUpdateOnNullish": true,
          },
        },
      },
    },
  },
}
`;
