// Jest Snapshot v1, https://goo.gl/fbAQLP

exports[`Wallets Info Card should renders corrently 1`] = `
ShallowWrapper {
  Symbol(enzyme.__root__): [Circular],
  Symbol(enzyme.__unrendered__): <WalletsInfoCard
    className="mock-class"
    iconColor="yellow"
    name="mock-name"
    onClick={[Function]}
    size="medium"
    status="basic"
    value={0}
  />,
  Symbol(enzyme.__renderer__): Object {
    "batchedUpdates": [Function],
    "getNode": [Function],
    "render": [Function],
    "simulateError": [Function],
    "simulateEvent": [Function],
    "unmount": [Function],
  },
  Symbol(enzyme.__node__): Object {
    "instance": null,
    "key": undefined,
    "nodeType": "host",
    "props": Object {
      "children": Array [
        <div
          className="ljit-wallets-info-card__title"
        >
          <Icon
            color="default"
            isTranslucent={false}
            size="small"
            spin={false}
            style={Object {}}
            type="recharge"
          />
          <div
            className="ljit-wallets-info-card__wallet-name"
          >
            mock-name
          </div>
        </div>,
        <div
          className="ljit-wallets-info-card__value"
        >
          0
        </div>,
        <div
          className="ljit-wallets-info-card__tag"
        />,
      ],
      "className": "ljit-wallets-info-card mock-class ljit-wallets-info-card__medium ljit-wallets-info-card--basic ljit-wallets-info-card--yellow",
      "onClick": [Function],
    },
    "ref": null,
    "rendered": Array [
      Object {
        "instance": null,
        "key": undefined,
        "nodeType": "host",
        "props": Object {
          "children": Array [
            <Icon
              color="default"
              isTranslucent={false}
              size="small"
              spin={false}
              style={Object {}}
              type="recharge"
            />,
            <div
              className="ljit-wallets-info-card__wallet-name"
            >
              mock-name
            </div>,
          ],
          "className": "ljit-wallets-info-card__title",
        },
        "ref": null,
        "rendered": Array [
          Object {
            "instance": null,
            "key": undefined,
            "nodeType": "function",
            "props": Object {
              "color": "default",
              "isTranslucent": false,
              "size": "small",
              "spin": false,
              "style": Object {},
              "type": "recharge",
            },
            "ref": null,
            "rendered": null,
            "type": [Function],
          },
          Object {
            "instance": null,
            "key": undefined,
            "nodeType": "host",
            "props": Object {
              "children": "mock-name",
              "className": "ljit-wallets-info-card__wallet-name",
            },
            "ref": null,
            "rendered": "mock-name",
            "type": "div",
          },
        ],
        "type": "div",
      },
      Object {
        "instance": null,
        "key": undefined,
        "nodeType": "host",
        "props": Object {
          "children": 0,
          "className": "ljit-wallets-info-card__value",
        },
        "ref": null,
        "rendered": 0,
        "type": "div",
      },
      Object {
        "instance": null,
        "key": undefined,
        "nodeType": "host",
        "props": Object {
          "className": "ljit-wallets-info-card__tag",
        },
        "ref": null,
        "rendered": null,
        "type": "div",
      },
    ],
    "type": "div",
  },
  Symbol(enzyme.__nodes__): Array [
    Object {
      "instance": null,
      "key": undefined,
      "nodeType": "host",
      "props": Object {
        "children": Array [
          <div
            className="ljit-wallets-info-card__title"
          >
            <Icon
              color="default"
              isTranslucent={false}
              size="small"
              spin={false}
              style={Object {}}
              type="recharge"
            />
            <div
              className="ljit-wallets-info-card__wallet-name"
            >
              mock-name
            </div>
          </div>,
          <div
            className="ljit-wallets-info-card__value"
          >
            0
          </div>,
          <div
            className="ljit-wallets-info-card__tag"
          />,
        ],
        "className": "ljit-wallets-info-card mock-class ljit-wallets-info-card__medium ljit-wallets-info-card--basic ljit-wallets-info-card--yellow",
        "onClick": [Function],
      },
      "ref": null,
      "rendered": Array [
        Object {
          "instance": null,
          "key": undefined,
          "nodeType": "host",
          "props": Object {
            "children": Array [
              <Icon
                color="default"
                isTranslucent={false}
                size="small"
                spin={false}
                style={Object {}}
                type="recharge"
              />,
              <div
                className="ljit-wallets-info-card__wallet-name"
              >
                mock-name
              </div>,
            ],
            "className": "ljit-wallets-info-card__title",
          },
          "ref": null,
          "rendered": Array [
            Object {
              "instance": null,
              "key": undefined,
              "nodeType": "function",
              "props": Object {
                "color": "default",
                "isTranslucent": false,
                "size": "small",
                "spin": false,
                "style": Object {},
                "type": "recharge",
              },
              "ref": null,
              "rendered": null,
              "type": [Function],
            },
            Object {
              "instance": null,
              "key": undefined,
              "nodeType": "host",
              "props": Object {
                "children": "mock-name",
                "className": "ljit-wallets-info-card__wallet-name",
              },
              "ref": null,
              "rendered": "mock-name",
              "type": "div",
            },
          ],
          "type": "div",
        },
        Object {
          "instance": null,
          "key": undefined,
          "nodeType": "host",
          "props": Object {
            "children": 0,
            "className": "ljit-wallets-info-card__value",
          },
          "ref": null,
          "rendered": 0,
          "type": "div",
        },
        Object {
          "instance": null,
          "key": undefined,
          "nodeType": "host",
          "props": Object {
            "className": "ljit-wallets-info-card__tag",
          },
          "ref": null,
          "rendered": null,
          "type": "div",
        },
      ],
      "type": "div",
    },
  ],
  Symbol(enzyme.__options__): Object {
    "adapter": ReactSixteenAdapter {
      "options": Object {
        "enableComponentDidUpdateOnSetState": true,
        "lifecycles": Object {
          "componentDidUpdate": Object {
            "onSetState": true,
          },
          "getDerivedStateFromProps": true,
          "getSnapshotBeforeUpdate": true,
          "setState": Object {
            "skipsComponentDidUpdateOnNullish": true,
          },
        },
      },
    },
  },
}
`;
