// Jest Snapshot v1, https://goo.gl/fbAQLP

exports[`XinYongBettingCard should render correctly 1`] = `
ShallowWrapper {
  Symbol(enzyme.__root__): [Circular],
  Symbol(enzyme.__unrendered__): <XinYongBettingCard
    bettingsMap={Object {}}
    className="mock-class"
    columnCount={4}
    defaultAmount={10}
    disabledText="mock-text"
    isDisabled={false}
    onChange={[Function]}
    orientation="horizontal"
    playSubcondition={
      Object {
        "_id": "2131231",
        "bonus": 1.243,
        "id": 1,
        "name": "第一球",
      }
    }
    playTemplates={
      Array [
        Object {
          "id": 1,
          "name": "大",
        },
        Object {
          "id": 2,
          "name": "小",
        },
      ]
    }
    playsMap={
      Object {
        "1": Object {
          "id": 1,
          "name": "大",
          "odds": 1954,
        },
        "2": Object {
          "id": 2,
          "name": "小",
          "odds": 1954,
        },
      }
    }
    xinYongPlaySlotType="line"
  />,
  Symbol(enzyme.__renderer__): Object {
    "batchedUpdates": [Function],
    "getNode": [Function],
    "render": [Function],
    "simulateError": [Function],
    "simulateEvent": [Function],
    "unmount": [Function],
  },
  Symbol(enzyme.__node__): Object {
    "instance": null,
    "key": undefined,
    "nodeType": "host",
    "props": Object {
      "children": Array [
        <div
          className="ljit-xin-yong-betting-card__title"
        >
          第一球
        </div>,
        <div
          className="ljit-xin-yong-betting-card__content"
        >
          <div
            className=""
          >
            <Row>
              <Col
                className="xin-yong-betting-card__col--4"
                span={6}
              >
                <XinYongPlaySlotLine
                  betting={Object {}}
                  defaultAmount={10}
                  disabledText="mock-text"
                  isDisabled={false}
                  onChange={[Function]}
                  play={
                    Object {
                      "id": 1,
                      "name": "大",
                      "odds": 1954,
                    }
                  }
                  playSlotType="circle"
                />
              </Col>
              <Col
                className="xin-yong-betting-card__col--4"
                span={6}
              >
                <XinYongPlaySlotLine
                  betting={Object {}}
                  defaultAmount={10}
                  disabledText="mock-text"
                  isDisabled={false}
                  onChange={[Function]}
                  play={
                    Object {
                      "id": 2,
                      "name": "小",
                      "odds": 1954,
                    }
                  }
                  playSlotType="circle"
                />
              </Col>
            </Row>
          </div>
        </div>,
      ],
      "className": "ljit-xin-yong-betting-card ljit-xin-yong-betting-card--horizontal mock-class",
      "style": undefined,
    },
    "ref": null,
    "rendered": Array [
      Object {
        "instance": null,
        "key": undefined,
        "nodeType": "host",
        "props": Object {
          "children": "第一球",
          "className": "ljit-xin-yong-betting-card__title",
        },
        "ref": null,
        "rendered": "第一球",
        "type": "div",
      },
      Object {
        "instance": null,
        "key": undefined,
        "nodeType": "host",
        "props": Object {
          "children": <div
            className=""
          >
            <Row>
              <Col
                className="xin-yong-betting-card__col--4"
                span={6}
              >
                <XinYongPlaySlotLine
                  betting={Object {}}
                  defaultAmount={10}
                  disabledText="mock-text"
                  isDisabled={false}
                  onChange={[Function]}
                  play={
                    Object {
                      "id": 1,
                      "name": "大",
                      "odds": 1954,
                    }
                  }
                  playSlotType="circle"
                />
              </Col>
              <Col
                className="xin-yong-betting-card__col--4"
                span={6}
              >
                <XinYongPlaySlotLine
                  betting={Object {}}
                  defaultAmount={10}
                  disabledText="mock-text"
                  isDisabled={false}
                  onChange={[Function]}
                  play={
                    Object {
                      "id": 2,
                      "name": "小",
                      "odds": 1954,
                    }
                  }
                  playSlotType="circle"
                />
              </Col>
            </Row>
          </div>,
          "className": "ljit-xin-yong-betting-card__content",
        },
        "ref": null,
        "rendered": Object {
          "instance": null,
          "key": undefined,
          "nodeType": "host",
          "props": Object {
            "children": <Row>
              <Col
                className="xin-yong-betting-card__col--4"
                span={6}
              >
                <XinYongPlaySlotLine
                  betting={Object {}}
                  defaultAmount={10}
                  disabledText="mock-text"
                  isDisabled={false}
                  onChange={[Function]}
                  play={
                    Object {
                      "id": 1,
                      "name": "大",
                      "odds": 1954,
                    }
                  }
                  playSlotType="circle"
                />
              </Col>
              <Col
                className="xin-yong-betting-card__col--4"
                span={6}
              >
                <XinYongPlaySlotLine
                  betting={Object {}}
                  defaultAmount={10}
                  disabledText="mock-text"
                  isDisabled={false}
                  onChange={[Function]}
                  play={
                    Object {
                      "id": 2,
                      "name": "小",
                      "odds": 1954,
                    }
                  }
                  playSlotType="circle"
                />
              </Col>
            </Row>,
            "className": "",
          },
          "ref": null,
          "rendered": Object {
            "instance": null,
            "key": undefined,
            "nodeType": "class",
            "props": Object {
              "children": Array [
                <Col
                  className="xin-yong-betting-card__col--4"
                  span={6}
                >
                  <XinYongPlaySlotLine
                    betting={Object {}}
                    defaultAmount={10}
                    disabledText="mock-text"
                    isDisabled={false}
                    onChange={[Function]}
                    play={
                      Object {
                        "id": 1,
                        "name": "大",
                        "odds": 1954,
                      }
                    }
                    playSlotType="circle"
                  />
                </Col>,
                <Col
                  className="xin-yong-betting-card__col--4"
                  span={6}
                >
                  <XinYongPlaySlotLine
                    betting={Object {}}
                    defaultAmount={10}
                    disabledText="mock-text"
                    isDisabled={false}
                    onChange={[Function]}
                    play={
                      Object {
                        "id": 2,
                        "name": "小",
                        "odds": 1954,
                      }
                    }
                    playSlotType="circle"
                  />
                </Col>,
              ],
            },
            "ref": null,
            "rendered": Array [
              Object {
                "instance": null,
                "key": "xin-yong-betting-card-col-0",
                "nodeType": "class",
                "props": Object {
                  "children": <XinYongPlaySlotLine
                    betting={Object {}}
                    defaultAmount={10}
                    disabledText="mock-text"
                    isDisabled={false}
                    onChange={[Function]}
                    play={
                      Object {
                        "id": 1,
                        "name": "大",
                        "odds": 1954,
                      }
                    }
                    playSlotType="circle"
                  />,
                  "className": "xin-yong-betting-card__col--4",
                  "span": 6,
                },
                "ref": null,
                "rendered": Object {
                  "instance": null,
                  "key": "xin-yong-play-slot-大1",
                  "nodeType": "class",
                  "props": Object {
                    "betting": Object {},
                    "defaultAmount": 10,
                    "disabledText": "mock-text",
                    "isDisabled": false,
                    "onChange": [Function],
                    "play": Object {
                      "id": 1,
                      "name": "大",
                      "odds": 1954,
                    },
                    "playSlotType": "circle",
                  },
                  "ref": null,
                  "rendered": null,
                  "type": [Function],
                },
                "type": [Function],
              },
              Object {
                "instance": null,
                "key": "xin-yong-betting-card-col-1",
                "nodeType": "class",
                "props": Object {
                  "children": <XinYongPlaySlotLine
                    betting={Object {}}
                    defaultAmount={10}
                    disabledText="mock-text"
                    isDisabled={false}
                    onChange={[Function]}
                    play={
                      Object {
                        "id": 2,
                        "name": "小",
                        "odds": 1954,
                      }
                    }
                    playSlotType="circle"
                  />,
                  "className": "xin-yong-betting-card__col--4",
                  "span": 6,
                },
                "ref": null,
                "rendered": Object {
                  "instance": null,
                  "key": "xin-yong-play-slot-小2",
                  "nodeType": "class",
                  "props": Object {
                    "betting": Object {},
                    "defaultAmount": 10,
                    "disabledText": "mock-text",
                    "isDisabled": false,
                    "onChange": [Function],
                    "play": Object {
                      "id": 2,
                      "name": "小",
                      "odds": 1954,
                    },
                    "playSlotType": "circle",
                  },
                  "ref": null,
                  "rendered": null,
                  "type": [Function],
                },
                "type": [Function],
              },
            ],
            "type": [Function],
          },
          "type": "div",
        },
        "type": "div",
      },
    ],
    "type": "div",
  },
  Symbol(enzyme.__nodes__): Array [
    Object {
      "instance": null,
      "key": undefined,
      "nodeType": "host",
      "props": Object {
        "children": Array [
          <div
            className="ljit-xin-yong-betting-card__title"
          >
            第一球
          </div>,
          <div
            className="ljit-xin-yong-betting-card__content"
          >
            <div
              className=""
            >
              <Row>
                <Col
                  className="xin-yong-betting-card__col--4"
                  span={6}
                >
                  <XinYongPlaySlotLine
                    betting={Object {}}
                    defaultAmount={10}
                    disabledText="mock-text"
                    isDisabled={false}
                    onChange={[Function]}
                    play={
                      Object {
                        "id": 1,
                        "name": "大",
                        "odds": 1954,
                      }
                    }
                    playSlotType="circle"
                  />
                </Col>
                <Col
                  className="xin-yong-betting-card__col--4"
                  span={6}
                >
                  <XinYongPlaySlotLine
                    betting={Object {}}
                    defaultAmount={10}
                    disabledText="mock-text"
                    isDisabled={false}
                    onChange={[Function]}
                    play={
                      Object {
                        "id": 2,
                        "name": "小",
                        "odds": 1954,
                      }
                    }
                    playSlotType="circle"
                  />
                </Col>
              </Row>
            </div>
          </div>,
        ],
        "className": "ljit-xin-yong-betting-card ljit-xin-yong-betting-card--horizontal mock-class",
        "style": undefined,
      },
      "ref": null,
      "rendered": Array [
        Object {
          "instance": null,
          "key": undefined,
          "nodeType": "host",
          "props": Object {
            "children": "第一球",
            "className": "ljit-xin-yong-betting-card__title",
          },
          "ref": null,
          "rendered": "第一球",
          "type": "div",
        },
        Object {
          "instance": null,
          "key": undefined,
          "nodeType": "host",
          "props": Object {
            "children": <div
              className=""
            >
              <Row>
                <Col
                  className="xin-yong-betting-card__col--4"
                  span={6}
                >
                  <XinYongPlaySlotLine
                    betting={Object {}}
                    defaultAmount={10}
                    disabledText="mock-text"
                    isDisabled={false}
                    onChange={[Function]}
                    play={
                      Object {
                        "id": 1,
                        "name": "大",
                        "odds": 1954,
                      }
                    }
                    playSlotType="circle"
                  />
                </Col>
                <Col
                  className="xin-yong-betting-card__col--4"
                  span={6}
                >
                  <XinYongPlaySlotLine
                    betting={Object {}}
                    defaultAmount={10}
                    disabledText="mock-text"
                    isDisabled={false}
                    onChange={[Function]}
                    play={
                      Object {
                        "id": 2,
                        "name": "小",
                        "odds": 1954,
                      }
                    }
                    playSlotType="circle"
                  />
                </Col>
              </Row>
            </div>,
            "className": "ljit-xin-yong-betting-card__content",
          },
          "ref": null,
          "rendered": Object {
            "instance": null,
            "key": undefined,
            "nodeType": "host",
            "props": Object {
              "children": <Row>
                <Col
                  className="xin-yong-betting-card__col--4"
                  span={6}
                >
                  <XinYongPlaySlotLine
                    betting={Object {}}
                    defaultAmount={10}
                    disabledText="mock-text"
                    isDisabled={false}
                    onChange={[Function]}
                    play={
                      Object {
                        "id": 1,
                        "name": "大",
                        "odds": 1954,
                      }
                    }
                    playSlotType="circle"
                  />
                </Col>
                <Col
                  className="xin-yong-betting-card__col--4"
                  span={6}
                >
                  <XinYongPlaySlotLine
                    betting={Object {}}
                    defaultAmount={10}
                    disabledText="mock-text"
                    isDisabled={false}
                    onChange={[Function]}
                    play={
                      Object {
                        "id": 2,
                        "name": "小",
                        "odds": 1954,
                      }
                    }
                    playSlotType="circle"
                  />
                </Col>
              </Row>,
              "className": "",
            },
            "ref": null,
            "rendered": Object {
              "instance": null,
              "key": undefined,
              "nodeType": "class",
              "props": Object {
                "children": Array [
                  <Col
                    className="xin-yong-betting-card__col--4"
                    span={6}
                  >
                    <XinYongPlaySlotLine
                      betting={Object {}}
                      defaultAmount={10}
                      disabledText="mock-text"
                      isDisabled={false}
                      onChange={[Function]}
                      play={
                        Object {
                          "id": 1,
                          "name": "大",
                          "odds": 1954,
                        }
                      }
                      playSlotType="circle"
                    />
                  </Col>,
                  <Col
                    className="xin-yong-betting-card__col--4"
                    span={6}
                  >
                    <XinYongPlaySlotLine
                      betting={Object {}}
                      defaultAmount={10}
                      disabledText="mock-text"
                      isDisabled={false}
                      onChange={[Function]}
                      play={
                        Object {
                          "id": 2,
                          "name": "小",
                          "odds": 1954,
                        }
                      }
                      playSlotType="circle"
                    />
                  </Col>,
                ],
              },
              "ref": null,
              "rendered": Array [
                Object {
                  "instance": null,
                  "key": "xin-yong-betting-card-col-0",
                  "nodeType": "class",
                  "props": Object {
                    "children": <XinYongPlaySlotLine
                      betting={Object {}}
                      defaultAmount={10}
                      disabledText="mock-text"
                      isDisabled={false}
                      onChange={[Function]}
                      play={
                        Object {
                          "id": 1,
                          "name": "大",
                          "odds": 1954,
                        }
                      }
                      playSlotType="circle"
                    />,
                    "className": "xin-yong-betting-card__col--4",
                    "span": 6,
                  },
                  "ref": null,
                  "rendered": Object {
                    "instance": null,
                    "key": "xin-yong-play-slot-大1",
                    "nodeType": "class",
                    "props": Object {
                      "betting": Object {},
                      "defaultAmount": 10,
                      "disabledText": "mock-text",
                      "isDisabled": false,
                      "onChange": [Function],
                      "play": Object {
                        "id": 1,
                        "name": "大",
                        "odds": 1954,
                      },
                      "playSlotType": "circle",
                    },
                    "ref": null,
                    "rendered": null,
                    "type": [Function],
                  },
                  "type": [Function],
                },
                Object {
                  "instance": null,
                  "key": "xin-yong-betting-card-col-1",
                  "nodeType": "class",
                  "props": Object {
                    "children": <XinYongPlaySlotLine
                      betting={Object {}}
                      defaultAmount={10}
                      disabledText="mock-text"
                      isDisabled={false}
                      onChange={[Function]}
                      play={
                        Object {
                          "id": 2,
                          "name": "小",
                          "odds": 1954,
                        }
                      }
                      playSlotType="circle"
                    />,
                    "className": "xin-yong-betting-card__col--4",
                    "span": 6,
                  },
                  "ref": null,
                  "rendered": Object {
                    "instance": null,
                    "key": "xin-yong-play-slot-小2",
                    "nodeType": "class",
                    "props": Object {
                      "betting": Object {},
                      "defaultAmount": 10,
                      "disabledText": "mock-text",
                      "isDisabled": false,
                      "onChange": [Function],
                      "play": Object {
                        "id": 2,
                        "name": "小",
                        "odds": 1954,
                      },
                      "playSlotType": "circle",
                    },
                    "ref": null,
                    "rendered": null,
                    "type": [Function],
                  },
                  "type": [Function],
                },
              ],
              "type": [Function],
            },
            "type": "div",
          },
          "type": "div",
        },
      ],
      "type": "div",
    },
  ],
  Symbol(enzyme.__options__): Object {
    "adapter": ReactSixteenAdapter {
      "options": Object {
        "enableComponentDidUpdateOnSetState": true,
        "lifecycles": Object {
          "componentDidUpdate": Object {
            "onSetState": true,
          },
          "getDerivedStateFromProps": true,
          "getSnapshotBeforeUpdate": true,
          "setState": Object {
            "skipsComponentDidUpdateOnNullish": true,
          },
        },
      },
    },
  },
}
`;
