// Jest Snapshot v1, https://goo.gl/fbAQLP

exports[`ChipGroup should render correctly 1`] = `
ShallowWrapper {
  Symbol(enzyme.__root__): [Circular],
  Symbol(enzyme.__unrendered__): <ChipGroup
    className="mock-name"
    onClick={[Function]}
  />,
  Symbol(enzyme.__renderer__): Object {
    "batchedUpdates": [Function],
    "getNode": [Function],
    "render": [Function],
    "simulateError": [Function],
    "simulateEvent": [Function],
    "unmount": [Function],
  },
  Symbol(enzyme.__node__): Object {
    "instance": null,
    "key": undefined,
    "nodeType": "host",
    "props": Object {
      "children": Array [
        <chipButton
          onClick={[Function]}
          type="1"
        />,
        <chipButton
          onClick={[Function]}
          type="2"
        />,
        <chipButton
          onClick={[Function]}
          type="5"
        />,
        <chipButton
          onClick={[Function]}
          type="10"
        />,
        <chipButton
          onClick={[Function]}
          type="20"
        />,
        <chipButton
          onClick={[Function]}
          type="50"
        />,
      ],
      "className": "ljit-xin-yong-betting-checkout__chip mock-name",
    },
    "ref": null,
    "rendered": Array [
      Object {
        "instance": null,
        "key": "ljit-chip-button-1",
        "nodeType": "function",
        "props": Object {
          "onClick": [Function],
          "type": "1",
        },
        "ref": null,
        "rendered": null,
        "type": [Function],
      },
      Object {
        "instance": null,
        "key": "ljit-chip-button-2",
        "nodeType": "function",
        "props": Object {
          "onClick": [Function],
          "type": "2",
        },
        "ref": null,
        "rendered": null,
        "type": [Function],
      },
      Object {
        "instance": null,
        "key": "ljit-chip-button-5",
        "nodeType": "function",
        "props": Object {
          "onClick": [Function],
          "type": "5",
        },
        "ref": null,
        "rendered": null,
        "type": [Function],
      },
      Object {
        "instance": null,
        "key": "ljit-chip-button-10",
        "nodeType": "function",
        "props": Object {
          "onClick": [Function],
          "type": "10",
        },
        "ref": null,
        "rendered": null,
        "type": [Function],
      },
      Object {
        "instance": null,
        "key": "ljit-chip-button-20",
        "nodeType": "function",
        "props": Object {
          "onClick": [Function],
          "type": "20",
        },
        "ref": null,
        "rendered": null,
        "type": [Function],
      },
      Object {
        "instance": null,
        "key": "ljit-chip-button-50",
        "nodeType": "function",
        "props": Object {
          "onClick": [Function],
          "type": "50",
        },
        "ref": null,
        "rendered": null,
        "type": [Function],
      },
    ],
    "type": "div",
  },
  Symbol(enzyme.__nodes__): Array [
    Object {
      "instance": null,
      "key": undefined,
      "nodeType": "host",
      "props": Object {
        "children": Array [
          <chipButton
            onClick={[Function]}
            type="1"
          />,
          <chipButton
            onClick={[Function]}
            type="2"
          />,
          <chipButton
            onClick={[Function]}
            type="5"
          />,
          <chipButton
            onClick={[Function]}
            type="10"
          />,
          <chipButton
            onClick={[Function]}
            type="20"
          />,
          <chipButton
            onClick={[Function]}
            type="50"
          />,
        ],
        "className": "ljit-xin-yong-betting-checkout__chip mock-name",
      },
      "ref": null,
      "rendered": Array [
        Object {
          "instance": null,
          "key": "ljit-chip-button-1",
          "nodeType": "function",
          "props": Object {
            "onClick": [Function],
            "type": "1",
          },
          "ref": null,
          "rendered": null,
          "type": [Function],
        },
        Object {
          "instance": null,
          "key": "ljit-chip-button-2",
          "nodeType": "function",
          "props": Object {
            "onClick": [Function],
            "type": "2",
          },
          "ref": null,
          "rendered": null,
          "type": [Function],
        },
        Object {
          "instance": null,
          "key": "ljit-chip-button-5",
          "nodeType": "function",
          "props": Object {
            "onClick": [Function],
            "type": "5",
          },
          "ref": null,
          "rendered": null,
          "type": [Function],
        },
        Object {
          "instance": null,
          "key": "ljit-chip-button-10",
          "nodeType": "function",
          "props": Object {
            "onClick": [Function],
            "type": "10",
          },
          "ref": null,
          "rendered": null,
          "type": [Function],
        },
        Object {
          "instance": null,
          "key": "ljit-chip-button-20",
          "nodeType": "function",
          "props": Object {
            "onClick": [Function],
            "type": "20",
          },
          "ref": null,
          "rendered": null,
          "type": [Function],
        },
        Object {
          "instance": null,
          "key": "ljit-chip-button-50",
          "nodeType": "function",
          "props": Object {
            "onClick": [Function],
            "type": "50",
          },
          "ref": null,
          "rendered": null,
          "type": [Function],
        },
      ],
      "type": "div",
    },
  ],
  Symbol(enzyme.__options__): Object {
    "adapter": ReactSixteenAdapter {
      "options": Object {
        "enableComponentDidUpdateOnSetState": true,
        "lifecycles": Object {
          "componentDidUpdate": Object {
            "onSetState": true,
          },
          "getDerivedStateFromProps": true,
          "getSnapshotBeforeUpdate": true,
          "setState": Object {
            "skipsComponentDidUpdateOnNullish": true,
          },
        },
      },
    },
  },
}
`;

exports[`XinYongBettingCheckout should render correctly 1`] = `
ShallowWrapper {
  Symbol(enzyme.__root__): [Circular],
  Symbol(enzyme.__unrendered__): <XinYongBettingCheckout
    balance={0}
    betAmount={0}
    betCount={0}
    changeInputValue={[Function]}
    inputValue={0}
    isSquare={false}
    onChangeInputValue={[Function]}
    onReset={[Function]}
    onSubmit={[Function]}
  />,
  Symbol(enzyme.__renderer__): Object {
    "batchedUpdates": [Function],
    "getNode": [Function],
    "render": [Function],
    "simulateError": [Function],
    "simulateEvent": [Function],
    "unmount": [Function],
  },
  Symbol(enzyme.__node__): Object {
    "instance": null,
    "key": undefined,
    "nodeType": "host",
    "props": Object {
      "children": Array [
        <div
          className="ljit-xin-yong-betting-checkout__input"
        >
          快选金额
          <InputNumber
            disabled={false}
            formatType=""
            min={0.001}
            onBlur={[Function]}
            onChange={[Function]}
            onFocus={[Function]}
            placeholder=""
            readOnly={false}
            step={0.001}
            value={0}
          />
        </div>,
        <ChipGroup
          className=""
          onClick={[Function]}
        />,
        <div
          className="ljit-xin-yong-betting-checkout__balance"
        >
          <div>
            共 
            0
             注，共 
            <DecimalNumber
              className=""
              data={0}
              decimalPlaces={4}
              hasSeparator={true}
              isCurrency={false}
              isPercent={false}
              isTolerance={false}
            />
             元
          </div>
          <div>
            余额 
            <DecimalNumber
              className=""
              data={0}
              decimalPlaces={4}
              hasSeparator={true}
              isCurrency={false}
              isPercent={false}
              isTolerance={false}
            />
          </div>
        </div>,
        <div
          className="ljit-xin-yong-betting-checkout__button"
        >
          <Button
            className="ljit-xin-yong-betting-checkout__reset__button"
            color="warmOrange700"
            disabled={false}
            onClick={[Function]}
            outline="hollow"
          >
            清空选号
          </Button>
          <Button
            className="ljit-xin-yong-betting-checkout__submit__button"
            color="warmOrange700"
            disabled={false}
            onClick={[Function]}
            outline="solid"
          >
            下注
          </Button>
        </div>,
      ],
      "className": "ljit-xin-yong-betting-checkout",
    },
    "ref": null,
    "rendered": Array [
      Object {
        "instance": null,
        "key": undefined,
        "nodeType": "host",
        "props": Object {
          "children": Array [
            "快选金额",
            <InputNumber
              disabled={false}
              formatType=""
              min={0.001}
              onBlur={[Function]}
              onChange={[Function]}
              onFocus={[Function]}
              placeholder=""
              readOnly={false}
              step={0.001}
              value={0}
            />,
          ],
          "className": "ljit-xin-yong-betting-checkout__input",
        },
        "ref": null,
        "rendered": Array [
          "快选金额",
          Object {
            "instance": null,
            "key": undefined,
            "nodeType": "class",
            "props": Object {
              "disabled": false,
              "formatType": "",
              "min": 0.001,
              "onBlur": [Function],
              "onChange": [Function],
              "onFocus": [Function],
              "placeholder": "",
              "readOnly": false,
              "step": 0.001,
              "value": 0,
            },
            "ref": null,
            "rendered": null,
            "type": [Function],
          },
        ],
        "type": "div",
      },
      Object {
        "instance": null,
        "key": undefined,
        "nodeType": "function",
        "props": Object {
          "className": "",
          "onClick": [Function],
        },
        "ref": null,
        "rendered": null,
        "type": [Function],
      },
      Object {
        "instance": null,
        "key": undefined,
        "nodeType": "host",
        "props": Object {
          "children": Array [
            <div>
              共 
              0
               注，共 
              <DecimalNumber
                className=""
                data={0}
                decimalPlaces={4}
                hasSeparator={true}
                isCurrency={false}
                isPercent={false}
                isTolerance={false}
              />
               元
            </div>,
            <div>
              余额 
              <DecimalNumber
                className=""
                data={0}
                decimalPlaces={4}
                hasSeparator={true}
                isCurrency={false}
                isPercent={false}
                isTolerance={false}
              />
            </div>,
          ],
          "className": "ljit-xin-yong-betting-checkout__balance",
        },
        "ref": null,
        "rendered": Array [
          Object {
            "instance": null,
            "key": undefined,
            "nodeType": "host",
            "props": Object {
              "children": Array [
                "共 ",
                0,
                " 注，共 ",
                <DecimalNumber
                  className=""
                  data={0}
                  decimalPlaces={4}
                  hasSeparator={true}
                  isCurrency={false}
                  isPercent={false}
                  isTolerance={false}
                />,
                " 元",
              ],
            },
            "ref": null,
            "rendered": Array [
              "共 ",
              0,
              " 注，共 ",
              Object {
                "instance": null,
                "key": undefined,
                "nodeType": "function",
                "props": Object {
                  "className": "",
                  "data": 0,
                  "decimalPlaces": 4,
                  "hasSeparator": true,
                  "isCurrency": false,
                  "isPercent": false,
                  "isTolerance": false,
                },
                "ref": null,
                "rendered": null,
                "type": [Function],
              },
              " 元",
            ],
            "type": "div",
          },
          Object {
            "instance": null,
            "key": undefined,
            "nodeType": "host",
            "props": Object {
              "children": Array [
                "余额 ",
                <DecimalNumber
                  className=""
                  data={0}
                  decimalPlaces={4}
                  hasSeparator={true}
                  isCurrency={false}
                  isPercent={false}
                  isTolerance={false}
                />,
              ],
            },
            "ref": null,
            "rendered": Array [
              "余额 ",
              Object {
                "instance": null,
                "key": undefined,
                "nodeType": "function",
                "props": Object {
                  "className": "",
                  "data": 0,
                  "decimalPlaces": 4,
                  "hasSeparator": true,
                  "isCurrency": false,
                  "isPercent": false,
                  "isTolerance": false,
                },
                "ref": null,
                "rendered": null,
                "type": [Function],
              },
            ],
            "type": "div",
          },
        ],
        "type": "div",
      },
      Object {
        "instance": null,
        "key": undefined,
        "nodeType": "host",
        "props": Object {
          "children": Array [
            <Button
              className="ljit-xin-yong-betting-checkout__reset__button"
              color="warmOrange700"
              disabled={false}
              onClick={[Function]}
              outline="hollow"
            >
              清空选号
            </Button>,
            <Button
              className="ljit-xin-yong-betting-checkout__submit__button"
              color="warmOrange700"
              disabled={false}
              onClick={[Function]}
              outline="solid"
            >
              下注
            </Button>,
          ],
          "className": "ljit-xin-yong-betting-checkout__button",
        },
        "ref": null,
        "rendered": Array [
          Object {
            "instance": null,
            "key": undefined,
            "nodeType": "class",
            "props": Object {
              "children": "清空选号",
              "className": "ljit-xin-yong-betting-checkout__reset__button",
              "color": "warmOrange700",
              "disabled": false,
              "onClick": [Function],
              "outline": "hollow",
            },
            "ref": null,
            "rendered": "清空选号",
            "type": [Function],
          },
          Object {
            "instance": null,
            "key": undefined,
            "nodeType": "class",
            "props": Object {
              "children": "下注",
              "className": "ljit-xin-yong-betting-checkout__submit__button",
              "color": "warmOrange700",
              "disabled": false,
              "onClick": [Function],
              "outline": "solid",
            },
            "ref": null,
            "rendered": "下注",
            "type": [Function],
          },
        ],
        "type": "div",
      },
    ],
    "type": "div",
  },
  Symbol(enzyme.__nodes__): Array [
    Object {
      "instance": null,
      "key": undefined,
      "nodeType": "host",
      "props": Object {
        "children": Array [
          <div
            className="ljit-xin-yong-betting-checkout__input"
          >
            快选金额
            <InputNumber
              disabled={false}
              formatType=""
              min={0.001}
              onBlur={[Function]}
              onChange={[Function]}
              onFocus={[Function]}
              placeholder=""
              readOnly={false}
              step={0.001}
              value={0}
            />
          </div>,
          <ChipGroup
            className=""
            onClick={[Function]}
          />,
          <div
            className="ljit-xin-yong-betting-checkout__balance"
          >
            <div>
              共 
              0
               注，共 
              <DecimalNumber
                className=""
                data={0}
                decimalPlaces={4}
                hasSeparator={true}
                isCurrency={false}
                isPercent={false}
                isTolerance={false}
              />
               元
            </div>
            <div>
              余额 
              <DecimalNumber
                className=""
                data={0}
                decimalPlaces={4}
                hasSeparator={true}
                isCurrency={false}
                isPercent={false}
                isTolerance={false}
              />
            </div>
          </div>,
          <div
            className="ljit-xin-yong-betting-checkout__button"
          >
            <Button
              className="ljit-xin-yong-betting-checkout__reset__button"
              color="warmOrange700"
              disabled={false}
              onClick={[Function]}
              outline="hollow"
            >
              清空选号
            </Button>
            <Button
              className="ljit-xin-yong-betting-checkout__submit__button"
              color="warmOrange700"
              disabled={false}
              onClick={[Function]}
              outline="solid"
            >
              下注
            </Button>
          </div>,
        ],
        "className": "ljit-xin-yong-betting-checkout",
      },
      "ref": null,
      "rendered": Array [
        Object {
          "instance": null,
          "key": undefined,
          "nodeType": "host",
          "props": Object {
            "children": Array [
              "快选金额",
              <InputNumber
                disabled={false}
                formatType=""
                min={0.001}
                onBlur={[Function]}
                onChange={[Function]}
                onFocus={[Function]}
                placeholder=""
                readOnly={false}
                step={0.001}
                value={0}
              />,
            ],
            "className": "ljit-xin-yong-betting-checkout__input",
          },
          "ref": null,
          "rendered": Array [
            "快选金额",
            Object {
              "instance": null,
              "key": undefined,
              "nodeType": "class",
              "props": Object {
                "disabled": false,
                "formatType": "",
                "min": 0.001,
                "onBlur": [Function],
                "onChange": [Function],
                "onFocus": [Function],
                "placeholder": "",
                "readOnly": false,
                "step": 0.001,
                "value": 0,
              },
              "ref": null,
              "rendered": null,
              "type": [Function],
            },
          ],
          "type": "div",
        },
        Object {
          "instance": null,
          "key": undefined,
          "nodeType": "function",
          "props": Object {
            "className": "",
            "onClick": [Function],
          },
          "ref": null,
          "rendered": null,
          "type": [Function],
        },
        Object {
          "instance": null,
          "key": undefined,
          "nodeType": "host",
          "props": Object {
            "children": Array [
              <div>
                共 
                0
                 注，共 
                <DecimalNumber
                  className=""
                  data={0}
                  decimalPlaces={4}
                  hasSeparator={true}
                  isCurrency={false}
                  isPercent={false}
                  isTolerance={false}
                />
                 元
              </div>,
              <div>
                余额 
                <DecimalNumber
                  className=""
                  data={0}
                  decimalPlaces={4}
                  hasSeparator={true}
                  isCurrency={false}
                  isPercent={false}
                  isTolerance={false}
                />
              </div>,
            ],
            "className": "ljit-xin-yong-betting-checkout__balance",
          },
          "ref": null,
          "rendered": Array [
            Object {
              "instance": null,
              "key": undefined,
              "nodeType": "host",
              "props": Object {
                "children": Array [
                  "共 ",
                  0,
                  " 注，共 ",
                  <DecimalNumber
                    className=""
                    data={0}
                    decimalPlaces={4}
                    hasSeparator={true}
                    isCurrency={false}
                    isPercent={false}
                    isTolerance={false}
                  />,
                  " 元",
                ],
              },
              "ref": null,
              "rendered": Array [
                "共 ",
                0,
                " 注，共 ",
                Object {
                  "instance": null,
                  "key": undefined,
                  "nodeType": "function",
                  "props": Object {
                    "className": "",
                    "data": 0,
                    "decimalPlaces": 4,
                    "hasSeparator": true,
                    "isCurrency": false,
                    "isPercent": false,
                    "isTolerance": false,
                  },
                  "ref": null,
                  "rendered": null,
                  "type": [Function],
                },
                " 元",
              ],
              "type": "div",
            },
            Object {
              "instance": null,
              "key": undefined,
              "nodeType": "host",
              "props": Object {
                "children": Array [
                  "余额 ",
                  <DecimalNumber
                    className=""
                    data={0}
                    decimalPlaces={4}
                    hasSeparator={true}
                    isCurrency={false}
                    isPercent={false}
                    isTolerance={false}
                  />,
                ],
              },
              "ref": null,
              "rendered": Array [
                "余额 ",
                Object {
                  "instance": null,
                  "key": undefined,
                  "nodeType": "function",
                  "props": Object {
                    "className": "",
                    "data": 0,
                    "decimalPlaces": 4,
                    "hasSeparator": true,
                    "isCurrency": false,
                    "isPercent": false,
                    "isTolerance": false,
                  },
                  "ref": null,
                  "rendered": null,
                  "type": [Function],
                },
              ],
              "type": "div",
            },
          ],
          "type": "div",
        },
        Object {
          "instance": null,
          "key": undefined,
          "nodeType": "host",
          "props": Object {
            "children": Array [
              <Button
                className="ljit-xin-yong-betting-checkout__reset__button"
                color="warmOrange700"
                disabled={false}
                onClick={[Function]}
                outline="hollow"
              >
                清空选号
              </Button>,
              <Button
                className="ljit-xin-yong-betting-checkout__submit__button"
                color="warmOrange700"
                disabled={false}
                onClick={[Function]}
                outline="solid"
              >
                下注
              </Button>,
            ],
            "className": "ljit-xin-yong-betting-checkout__button",
          },
          "ref": null,
          "rendered": Array [
            Object {
              "instance": null,
              "key": undefined,
              "nodeType": "class",
              "props": Object {
                "children": "清空选号",
                "className": "ljit-xin-yong-betting-checkout__reset__button",
                "color": "warmOrange700",
                "disabled": false,
                "onClick": [Function],
                "outline": "hollow",
              },
              "ref": null,
              "rendered": "清空选号",
              "type": [Function],
            },
            Object {
              "instance": null,
              "key": undefined,
              "nodeType": "class",
              "props": Object {
                "children": "下注",
                "className": "ljit-xin-yong-betting-checkout__submit__button",
                "color": "warmOrange700",
                "disabled": false,
                "onClick": [Function],
                "outline": "solid",
              },
              "ref": null,
              "rendered": "下注",
              "type": [Function],
            },
          ],
          "type": "div",
        },
      ],
      "type": "div",
    },
  ],
  Symbol(enzyme.__options__): Object {
    "adapter": ReactSixteenAdapter {
      "options": Object {
        "enableComponentDidUpdateOnSetState": true,
        "lifecycles": Object {
          "componentDidUpdate": Object {
            "onSetState": true,
          },
          "getDerivedStateFromProps": true,
          "getSnapshotBeforeUpdate": true,
          "setState": Object {
            "skipsComponentDidUpdateOnNullish": true,
          },
        },
      },
    },
  },
}
`;
